[2020-08-16T22:41:33.946+0200][gc,heap] Heap region size: 1M
[2020-08-16T22:41:33.950+0200][gc     ] Using G1
[2020-08-16T22:41:33.950+0200][gc,heap,coops] Heap address: 0x00000000e0000000, size: 512 MB, Compressed Oops mode: 32-bit
[2020-08-16T22:41:33.950+0200][gc,cds       ] Mark closed archive regions in map: [0x00000000fff00000, 0x00000000fff69ff8]
[2020-08-16T22:41:33.950+0200][gc,cds       ] Mark open archive regions in map: [0x00000000ffe00000, 0x00000000ffe46ff8]
[2020-08-16T22:41:44.931+0200][gc,start     ] GC(0) Pause Young (Normal) (G1 Evacuation Pause)
[2020-08-16T22:41:44.931+0200][gc,task      ] GC(0) Using 8 workers of 8 for evacuation
[2020-08-16T22:41:44.940+0200][gc,phases    ] GC(0)   Pre Evacuate Collection Set: 0.0ms
[2020-08-16T22:41:44.940+0200][gc,phases    ] GC(0)   Evacuate Collection Set: 8.6ms
[2020-08-16T22:41:44.940+0200][gc,phases    ] GC(0)   Post Evacuate Collection Set: 0.4ms
[2020-08-16T22:41:44.940+0200][gc,phases    ] GC(0)   Other: 0.7ms
[2020-08-16T22:41:44.940+0200][gc,heap      ] GC(0) Eden regions: 25->0(21)
[2020-08-16T22:41:44.940+0200][gc,heap      ] GC(0) Survivor regions: 0->4(4)
[2020-08-16T22:41:44.940+0200][gc,heap      ] GC(0) Old regions: 2->4
[2020-08-16T22:41:44.940+0200][gc,heap      ] GC(0) Humongous regions: 0->0
[2020-08-16T22:41:44.940+0200][gc,metaspace ] GC(0) Metaspace: 7568K->7568K(1056768K)
[2020-08-16T22:41:44.940+0200][gc           ] GC(0) Pause Young (Normal) (G1 Evacuation Pause) 25M->5M(512M) 9.755ms
[2020-08-16T22:41:44.940+0200][gc,cpu       ] GC(0) User=0.07s Sys=0.00s Real=0.02s
[2020-08-17T05:16:11.878+0200][gc,start     ] GC(1) Pause Young (Normal) (G1 Evacuation Pause)
[2020-08-17T05:16:11.878+0200][gc,task      ] GC(1) Using 8 workers of 8 for evacuation
[2020-08-17T05:16:11.884+0200][gc,phases    ] GC(1)   Pre Evacuate Collection Set: 0.0ms
[2020-08-17T05:16:11.884+0200][gc,phases    ] GC(1)   Evacuate Collection Set: 5.5ms
[2020-08-17T05:16:11.884+0200][gc,phases    ] GC(1)   Post Evacuate Collection Set: 0.4ms
[2020-08-17T05:16:11.884+0200][gc,phases    ] GC(1)   Other: 0.1ms
[2020-08-17T05:16:11.884+0200][gc,heap      ] GC(1) Eden regions: 21->0(24)
[2020-08-17T05:16:11.884+0200][gc,heap      ] GC(1) Survivor regions: 4->1(4)
[2020-08-17T05:16:11.884+0200][gc,heap      ] GC(1) Old regions: 4->8
[2020-08-17T05:16:11.884+0200][gc,heap      ] GC(1) Humongous regions: 0->0
[2020-08-17T05:16:11.884+0200][gc,metaspace ] GC(1) Metaspace: 8255K->8255K(1056768K)
[2020-08-17T05:16:11.884+0200][gc           ] GC(1) Pause Young (Normal) (G1 Evacuation Pause) 26M->6M(512M) 6.062ms
[2020-08-17T05:16:11.884+0200][gc,cpu       ] GC(1) User=0.04s Sys=0.00s Real=0.01s
