[2020-08-15T19:10:22.674+0200][gc,heap] Heap region size: 1M
[2020-08-15T19:10:22.682+0200][gc     ] Using G1
[2020-08-15T19:10:22.682+0200][gc,heap,coops] Heap address: 0x00000000c0000000, size: 1024 MB, Compressed Oops mode: 32-bit
[2020-08-15T19:10:22.682+0200][gc,cds       ] Mark closed archive regions in map: [0x00000000fff00000, 0x00000000fff69ff8]
[2020-08-15T19:10:22.682+0200][gc,cds       ] Mark open archive regions in map: [0x00000000ffe00000, 0x00000000ffe46ff8]
[2020-08-15T19:10:23.516+0200][gc,start     ] GC(0) Pause Young (Normal) (G1 Evacuation Pause)
[2020-08-15T19:10:23.517+0200][gc,task      ] GC(0) Using 8 workers of 8 for evacuation
[2020-08-15T19:10:23.528+0200][gc,phases    ] GC(0)   Pre Evacuate Collection Set: 0.0ms
[2020-08-15T19:10:23.528+0200][gc,phases    ] GC(0)   Evacuate Collection Set: 10.2ms
[2020-08-15T19:10:23.528+0200][gc,phases    ] GC(0)   Post Evacuate Collection Set: 0.6ms
[2020-08-15T19:10:23.528+0200][gc,phases    ] GC(0)   Other: 0.8ms
[2020-08-15T19:10:23.528+0200][gc,heap      ] GC(0) Eden regions: 51->0(44)
[2020-08-15T19:10:23.528+0200][gc,heap      ] GC(0) Survivor regions: 0->7(7)
[2020-08-15T19:10:23.528+0200][gc,heap      ] GC(0) Old regions: 2->2
[2020-08-15T19:10:23.528+0200][gc,heap      ] GC(0) Humongous regions: 0->0
[2020-08-15T19:10:23.528+0200][gc,metaspace ] GC(0) Metaspace: 15350K->15350K(1062912K)
[2020-08-15T19:10:23.528+0200][gc           ] GC(0) Pause Young (Normal) (G1 Evacuation Pause) 51M->6M(1024M) 11.689ms
[2020-08-15T19:10:23.528+0200][gc,cpu       ] GC(0) User=0.08s Sys=0.00s Real=0.01s
[2020-08-15T19:10:23.805+0200][gc,start     ] GC(1) Pause Young (Concurrent Start) (Metadata GC Threshold)
[2020-08-15T19:10:23.805+0200][gc,task      ] GC(1) Using 8 workers of 8 for evacuation
[2020-08-15T19:10:23.816+0200][gc,phases    ] GC(1)   Pre Evacuate Collection Set: 0.0ms
[2020-08-15T19:10:23.816+0200][gc,phases    ] GC(1)   Evacuate Collection Set: 10.2ms
[2020-08-15T19:10:23.816+0200][gc,phases    ] GC(1)   Post Evacuate Collection Set: 0.5ms
[2020-08-15T19:10:23.816+0200][gc,phases    ] GC(1)   Other: 0.2ms
[2020-08-15T19:10:23.816+0200][gc,heap      ] GC(1) Eden regions: 22->0(49)
[2020-08-15T19:10:23.816+0200][gc,heap      ] GC(1) Survivor regions: 7->2(7)
[2020-08-15T19:10:23.816+0200][gc,heap      ] GC(1) Old regions: 2->9
[2020-08-15T19:10:23.816+0200][gc,heap      ] GC(1) Humongous regions: 129->129
[2020-08-15T19:10:23.816+0200][gc,metaspace ] GC(1) Metaspace: 20569K->20569K(1067008K)
[2020-08-15T19:10:23.816+0200][gc           ] GC(1) Pause Young (Concurrent Start) (Metadata GC Threshold) 157M->137M(1024M) 11.038ms
[2020-08-15T19:10:23.816+0200][gc,cpu       ] GC(1) User=0.06s Sys=0.00s Real=0.02s
[2020-08-15T19:10:23.816+0200][gc           ] GC(2) Concurrent Cycle
[2020-08-15T19:10:23.816+0200][gc,marking   ] GC(2) Concurrent Clear Claimed Marks
[2020-08-15T19:10:23.816+0200][gc,marking   ] GC(2) Concurrent Clear Claimed Marks 0.039ms
[2020-08-15T19:10:23.816+0200][gc,marking   ] GC(2) Concurrent Scan Root Regions
[2020-08-15T19:10:23.817+0200][gc,marking   ] GC(2) Concurrent Scan Root Regions 0.800ms
[2020-08-15T19:10:23.817+0200][gc,marking   ] GC(2) Concurrent Mark (1.145s)
[2020-08-15T19:10:23.817+0200][gc,marking   ] GC(2) Concurrent Mark From Roots
[2020-08-15T19:10:23.817+0200][gc,task      ] GC(2) Using 2 workers of 2 for marking
[2020-08-15T19:10:23.827+0200][gc,marking   ] GC(2) Concurrent Mark From Roots 10.134ms
[2020-08-15T19:10:23.827+0200][gc,marking   ] GC(2) Concurrent Preclean
[2020-08-15T19:10:23.827+0200][gc,marking   ] GC(2) Concurrent Preclean 0.162ms
[2020-08-15T19:10:23.827+0200][gc,marking   ] GC(2) Concurrent Mark (1.145s, 1.155s) 10.344ms
[2020-08-15T19:10:23.827+0200][gc,start     ] GC(2) Pause Remark
[2020-08-15T19:10:23.829+0200][gc,stringtable] GC(2) Cleaned string and symbol table, strings: 5004 processed, 0 removed, symbols: 51167 processed, 43 removed
[2020-08-15T19:10:23.830+0200][gc            ] GC(2) Pause Remark 139M->139M(1024M) 2.132ms
[2020-08-15T19:10:23.830+0200][gc,cpu        ] GC(2) User=0.01s Sys=0.00s Real=0.00s
[2020-08-15T19:10:23.830+0200][gc,marking    ] GC(2) Concurrent Rebuild Remembered Sets
[2020-08-15T19:10:23.834+0200][gc,marking    ] GC(2) Concurrent Rebuild Remembered Sets 4.232ms
[2020-08-15T19:10:23.834+0200][gc,start      ] GC(2) Pause Cleanup
[2020-08-15T19:10:23.834+0200][gc            ] GC(2) Pause Cleanup 139M->139M(1024M) 0.239ms
[2020-08-15T19:10:23.834+0200][gc,cpu        ] GC(2) User=0.00s Sys=0.00s Real=0.00s
[2020-08-15T19:10:23.834+0200][gc,marking    ] GC(2) Concurrent Cleanup for Next Mark
[2020-08-15T19:10:23.840+0200][gc,marking    ] GC(2) Concurrent Cleanup for Next Mark 5.322ms
[2020-08-15T19:10:23.840+0200][gc            ] GC(2) Concurrent Cycle 23.930ms
[2020-08-15T19:10:24.308+0200][gc,start      ] GC(3) Pause Young (Normal) (G1 Evacuation Pause)
[2020-08-15T19:10:24.308+0200][gc,task       ] GC(3) Using 8 workers of 8 for evacuation
[2020-08-15T19:10:24.313+0200][gc,phases     ] GC(3)   Pre Evacuate Collection Set: 0.0ms
[2020-08-15T19:10:24.313+0200][gc,phases     ] GC(3)   Evacuate Collection Set: 5.1ms
[2020-08-15T19:10:24.313+0200][gc,phases     ] GC(3)   Post Evacuate Collection Set: 0.3ms
[2020-08-15T19:10:24.313+0200][gc,phases     ] GC(3)   Other: 0.1ms
[2020-08-15T19:10:24.313+0200][gc,heap       ] GC(3) Eden regions: 49->0(46)
[2020-08-15T19:10:24.313+0200][gc,heap       ] GC(3) Survivor regions: 2->5(7)
[2020-08-15T19:10:24.313+0200][gc,heap       ] GC(3) Old regions: 9->9
[2020-08-15T19:10:24.313+0200][gc,heap       ] GC(3) Humongous regions: 129->129
[2020-08-15T19:10:24.313+0200][gc,metaspace  ] GC(3) Metaspace: 30068K->30068K(1077248K)
[2020-08-15T19:10:24.313+0200][gc            ] GC(3) Pause Young (Normal) (G1 Evacuation Pause) 186M->140M(1024M) 5.690ms
[2020-08-15T19:10:24.313+0200][gc,cpu        ] GC(3) User=0.04s Sys=0.00s Real=0.00s
[2020-08-15T19:20:38.102+0200][gc,start      ] GC(4) Pause Young (Concurrent Start) (Metadata GC Threshold)
[2020-08-15T19:20:38.102+0200][gc,task       ] GC(4) Using 8 workers of 8 for evacuation
[2020-08-15T19:20:38.111+0200][gc,phases     ] GC(4)   Pre Evacuate Collection Set: 0.1ms
[2020-08-15T19:20:38.111+0200][gc,phases     ] GC(4)   Evacuate Collection Set: 7.7ms
[2020-08-15T19:20:38.111+0200][gc,phases     ] GC(4)   Post Evacuate Collection Set: 0.6ms
[2020-08-15T19:20:38.111+0200][gc,phases     ] GC(4)   Other: 0.2ms
[2020-08-15T19:20:38.111+0200][gc,heap       ] GC(4) Eden regions: 23->0(49)
[2020-08-15T19:20:38.111+0200][gc,heap       ] GC(4) Survivor regions: 5->2(7)
[2020-08-15T19:20:38.111+0200][gc,heap       ] GC(4) Old regions: 9->13
[2020-08-15T19:20:38.111+0200][gc,heap       ] GC(4) Humongous regions: 129->129
[2020-08-15T19:20:38.111+0200][gc,metaspace  ] GC(4) Metaspace: 34449K->34449K(1081344K)
[2020-08-15T19:20:38.111+0200][gc            ] GC(4) Pause Young (Concurrent Start) (Metadata GC Threshold) 163M->141M(1024M) 8.724ms
[2020-08-15T19:20:38.111+0200][gc,cpu        ] GC(4) User=0.04s Sys=0.00s Real=0.01s
[2020-08-15T19:20:38.111+0200][gc            ] GC(5) Concurrent Cycle
[2020-08-15T19:20:38.111+0200][gc,marking    ] GC(5) Concurrent Clear Claimed Marks
[2020-08-15T19:20:38.111+0200][gc,marking    ] GC(5) Concurrent Clear Claimed Marks 0.191ms
[2020-08-15T19:20:38.111+0200][gc,marking    ] GC(5) Concurrent Scan Root Regions
[2020-08-15T19:20:38.113+0200][gc,marking    ] GC(5) Concurrent Scan Root Regions 1.536ms
[2020-08-15T19:20:38.113+0200][gc,marking    ] GC(5) Concurrent Mark (615.441s)
[2020-08-15T19:20:38.113+0200][gc,marking    ] GC(5) Concurrent Mark From Roots
[2020-08-15T19:20:38.113+0200][gc,task       ] GC(5) Using 2 workers of 2 for marking
[2020-08-15T19:20:38.127+0200][gc,marking    ] GC(5) Concurrent Mark From Roots 14.035ms
[2020-08-15T19:20:38.127+0200][gc,marking    ] GC(5) Concurrent Preclean
[2020-08-15T19:20:38.127+0200][gc,marking    ] GC(5) Concurrent Preclean 0.212ms
[2020-08-15T19:20:38.127+0200][gc,marking    ] GC(5) Concurrent Mark (615.441s, 615.455s) 14.305ms
[2020-08-15T19:20:38.127+0200][gc,start      ] GC(5) Pause Remark
[2020-08-15T19:20:38.136+0200][gc,stringtable] GC(5) Cleaned string and symbol table, strings: 10297 processed, 10 removed, symbols: 81134 processed, 20 removed
[2020-08-15T19:20:38.137+0200][gc            ] GC(5) Pause Remark 142M->142M(1024M) 9.524ms
[2020-08-15T19:20:38.137+0200][gc,cpu        ] GC(5) User=0.05s Sys=0.00s Real=0.01s
[2020-08-15T19:20:38.137+0200][gc,marking    ] GC(5) Concurrent Rebuild Remembered Sets
[2020-08-15T19:20:38.147+0200][gc,marking    ] GC(5) Concurrent Rebuild Remembered Sets 9.898ms
[2020-08-15T19:20:38.147+0200][gc,start      ] GC(5) Pause Cleanup
[2020-08-15T19:20:38.147+0200][gc            ] GC(5) Pause Cleanup 142M->142M(1024M) 0.202ms
[2020-08-15T19:20:38.147+0200][gc,cpu        ] GC(5) User=0.00s Sys=0.00s Real=0.00s
[2020-08-15T19:20:38.147+0200][gc,marking    ] GC(5) Concurrent Cleanup for Next Mark
[2020-08-15T19:20:38.153+0200][gc,marking    ] GC(5) Concurrent Cleanup for Next Mark 5.690ms
[2020-08-15T19:20:38.153+0200][gc            ] GC(5) Concurrent Cycle 42.064ms
[2020-08-15T19:34:58.956+0200][gc,start      ] GC(6) Pause Young (Normal) (G1 Evacuation Pause)
[2020-08-15T19:34:58.956+0200][gc,task       ] GC(6) Using 8 workers of 8 for evacuation
[2020-08-15T19:34:58.962+0200][gc,phases     ] GC(6)   Pre Evacuate Collection Set: 0.0ms
[2020-08-15T19:34:58.962+0200][gc,phases     ] GC(6)   Evacuate Collection Set: 5.4ms
[2020-08-15T19:34:58.962+0200][gc,phases     ] GC(6)   Post Evacuate Collection Set: 0.4ms
[2020-08-15T19:34:58.962+0200][gc,phases     ] GC(6)   Other: 0.4ms
[2020-08-15T19:34:58.962+0200][gc,heap       ] GC(6) Eden regions: 49->0(47)
[2020-08-15T19:34:58.962+0200][gc,heap       ] GC(6) Survivor regions: 2->4(7)
[2020-08-15T19:34:58.962+0200][gc,heap       ] GC(6) Old regions: 13->13
[2020-08-15T19:34:58.962+0200][gc,heap       ] GC(6) Humongous regions: 129->129
[2020-08-15T19:34:58.962+0200][gc,metaspace  ] GC(6) Metaspace: 38279K->38279K(1083392K)
[2020-08-15T19:34:58.962+0200][gc            ] GC(6) Pause Young (Normal) (G1 Evacuation Pause) 190M->143M(1024M) 6.299ms
[2020-08-15T19:34:58.962+0200][gc,cpu        ] GC(6) User=0.04s Sys=0.00s Real=0.00s
[2020-08-15T19:49:02.491+0200][gc,start      ] GC(7) Pause Young (Normal) (G1 Evacuation Pause)
[2020-08-15T19:49:02.491+0200][gc,task       ] GC(7) Using 8 workers of 8 for evacuation
[2020-08-15T19:49:02.508+0200][gc,phases     ] GC(7)   Pre Evacuate Collection Set: 0.1ms
[2020-08-15T19:49:02.508+0200][gc,phases     ] GC(7)   Evacuate Collection Set: 12.0ms
[2020-08-15T19:49:02.508+0200][gc,phases     ] GC(7)   Post Evacuate Collection Set: 4.3ms
[2020-08-15T19:49:02.508+0200][gc,phases     ] GC(7)   Other: 0.5ms
[2020-08-15T19:49:02.508+0200][gc,heap       ] GC(7) Eden regions: 47->0(46)
[2020-08-15T19:49:02.508+0200][gc,heap       ] GC(7) Survivor regions: 4->5(7)
[2020-08-15T19:49:02.508+0200][gc,heap       ] GC(7) Old regions: 13->13
[2020-08-15T19:49:02.508+0200][gc,heap       ] GC(7) Humongous regions: 129->129
[2020-08-15T19:49:02.508+0200][gc,metaspace  ] GC(7) Metaspace: 38858K->38858K(1085440K)
[2020-08-15T19:49:02.508+0200][gc            ] GC(7) Pause Young (Normal) (G1 Evacuation Pause) 190M->144M(1024M) 16.998ms
[2020-08-15T19:49:02.508+0200][gc,cpu        ] GC(7) User=0.10s Sys=0.01s Real=0.02s
[2020-08-15T20:04:23.165+0200][gc,start      ] GC(8) Pause Young (Normal) (G1 Evacuation Pause)
[2020-08-15T20:04:23.165+0200][gc,task       ] GC(8) Using 8 workers of 8 for evacuation
[2020-08-15T20:04:23.174+0200][gc,phases     ] GC(8)   Pre Evacuate Collection Set: 0.1ms
[2020-08-15T20:04:23.174+0200][gc,phases     ] GC(8)   Evacuate Collection Set: 7.6ms
[2020-08-15T20:04:23.174+0200][gc,phases     ] GC(8)   Post Evacuate Collection Set: 0.7ms
[2020-08-15T20:04:23.174+0200][gc,phases     ] GC(8)   Other: 0.4ms
[2020-08-15T20:04:23.174+0200][gc,heap       ] GC(8) Eden regions: 46->0(46)
[2020-08-15T20:04:23.174+0200][gc,heap       ] GC(8) Survivor regions: 5->5(7)
[2020-08-15T20:04:23.174+0200][gc,heap       ] GC(8) Old regions: 13->14
[2020-08-15T20:04:23.174+0200][gc,heap       ] GC(8) Humongous regions: 129->129
[2020-08-15T20:04:23.174+0200][gc,metaspace  ] GC(8) Metaspace: 38930K->38930K(1085440K)
[2020-08-15T20:04:23.174+0200][gc            ] GC(8) Pause Young (Normal) (G1 Evacuation Pause) 190M->146M(1024M) 8.879ms
[2020-08-15T20:04:23.174+0200][gc,cpu        ] GC(8) User=0.06s Sys=0.01s Real=0.01s
[2020-08-15T20:19:38.165+0200][gc,start      ] GC(9) Pause Young (Normal) (G1 Evacuation Pause)
[2020-08-15T20:19:38.165+0200][gc,task       ] GC(9) Using 8 workers of 8 for evacuation
[2020-08-15T20:19:38.174+0200][gc,phases     ] GC(9)   Pre Evacuate Collection Set: 0.1ms
[2020-08-15T20:19:38.174+0200][gc,phases     ] GC(9)   Evacuate Collection Set: 7.7ms
[2020-08-15T20:19:38.174+0200][gc,phases     ] GC(9)   Post Evacuate Collection Set: 0.6ms
[2020-08-15T20:19:38.174+0200][gc,phases     ] GC(9)   Other: 0.4ms
[2020-08-15T20:19:38.174+0200][gc,heap       ] GC(9) Eden regions: 46->0(48)
[2020-08-15T20:19:38.174+0200][gc,heap       ] GC(9) Survivor regions: 5->3(7)
[2020-08-15T20:19:38.174+0200][gc,heap       ] GC(9) Old regions: 14->16
[2020-08-15T20:19:38.174+0200][gc,heap       ] GC(9) Humongous regions: 129->129
[2020-08-15T20:19:38.174+0200][gc,metaspace  ] GC(9) Metaspace: 39022K->39022K(1085440K)
[2020-08-15T20:19:38.174+0200][gc            ] GC(9) Pause Young (Normal) (G1 Evacuation Pause) 192M->146M(1024M) 8.833ms
[2020-08-15T20:19:38.174+0200][gc,cpu        ] GC(9) User=0.07s Sys=0.00s Real=0.01s
[2020-08-15T20:36:39.303+0200][gc,start      ] GC(10) Pause Young (Normal) (G1 Evacuation Pause)
[2020-08-15T20:36:39.303+0200][gc,task       ] GC(10) Using 8 workers of 8 for evacuation
[2020-08-15T20:36:39.307+0200][gc,phases     ] GC(10)   Pre Evacuate Collection Set: 0.0ms
[2020-08-15T20:36:39.307+0200][gc,phases     ] GC(10)   Evacuate Collection Set: 3.3ms
[2020-08-15T20:36:39.307+0200][gc,phases     ] GC(10)   Post Evacuate Collection Set: 0.7ms
[2020-08-15T20:36:39.307+0200][gc,phases     ] GC(10)   Other: 0.2ms
[2020-08-15T20:36:39.307+0200][gc,heap       ] GC(10) Eden regions: 48->0(47)
[2020-08-15T20:36:39.307+0200][gc,heap       ] GC(10) Survivor regions: 3->4(7)
[2020-08-15T20:36:39.307+0200][gc,heap       ] GC(10) Old regions: 16->16
[2020-08-15T20:36:39.307+0200][gc,heap       ] GC(10) Humongous regions: 129->129
[2020-08-15T20:36:39.307+0200][gc,metaspace  ] GC(10) Metaspace: 39058K->39058K(1085440K)
[2020-08-15T20:36:39.307+0200][gc            ] GC(10) Pause Young (Normal) (G1 Evacuation Pause) 194M->146M(1024M) 4.282ms
[2020-08-15T20:36:39.307+0200][gc,cpu        ] GC(10) User=0.01s Sys=0.01s Real=0.01s
[2020-08-15T20:53:30.661+0200][gc,start      ] GC(11) Pause Young (Normal) (G1 Evacuation Pause)
[2020-08-15T20:53:30.661+0200][gc,task       ] GC(11) Using 8 workers of 8 for evacuation
[2020-08-15T20:53:30.667+0200][gc,phases     ] GC(11)   Pre Evacuate Collection Set: 0.0ms
[2020-08-15T20:53:30.667+0200][gc,phases     ] GC(11)   Evacuate Collection Set: 4.8ms
[2020-08-15T20:53:30.667+0200][gc,phases     ] GC(11)   Post Evacuate Collection Set: 1.4ms
[2020-08-15T20:53:30.667+0200][gc,phases     ] GC(11)   Other: 0.4ms
[2020-08-15T20:53:30.667+0200][gc,heap       ] GC(11) Eden regions: 47->0(60)
[2020-08-15T20:53:30.667+0200][gc,heap       ] GC(11) Survivor regions: 4->3(7)
[2020-08-15T20:53:30.667+0200][gc,heap       ] GC(11) Old regions: 16->16
[2020-08-15T20:53:30.667+0200][gc,heap       ] GC(11) Humongous regions: 129->129
[2020-08-15T20:53:30.667+0200][gc,metaspace  ] GC(11) Metaspace: 39076K->39076K(1085440K)
[2020-08-15T20:53:30.667+0200][gc            ] GC(11) Pause Young (Normal) (G1 Evacuation Pause) 193M->145M(1024M) 6.639ms
[2020-08-15T20:53:30.668+0200][gc,cpu        ] GC(11) User=0.04s Sys=0.00s Real=0.01s
[2020-08-15T21:12:36.212+0200][gc,start      ] GC(12) Pause Young (Normal) (G1 Evacuation Pause)
[2020-08-15T21:12:36.212+0200][gc,task       ] GC(12) Using 8 workers of 8 for evacuation
[2020-08-15T21:12:36.219+0200][gc,phases     ] GC(12)   Pre Evacuate Collection Set: 0.1ms
[2020-08-15T21:12:36.219+0200][gc,phases     ] GC(12)   Evacuate Collection Set: 5.4ms
[2020-08-15T21:12:36.219+0200][gc,phases     ] GC(12)   Post Evacuate Collection Set: 0.6ms
[2020-08-15T21:12:36.219+0200][gc,phases     ] GC(12)   Other: 0.5ms
[2020-08-15T21:12:36.219+0200][gc,heap       ] GC(12) Eden regions: 60->0(243)
[2020-08-15T21:12:36.219+0200][gc,heap       ] GC(12) Survivor regions: 3->3(8)
[2020-08-15T21:12:36.219+0200][gc,heap       ] GC(12) Old regions: 16->16
[2020-08-15T21:12:36.219+0200][gc,heap       ] GC(12) Humongous regions: 129->129
[2020-08-15T21:12:36.219+0200][gc,metaspace  ] GC(12) Metaspace: 39283K->39283K(1085440K)
[2020-08-15T21:12:36.219+0200][gc            ] GC(12) Pause Young (Normal) (G1 Evacuation Pause) 205M->145M(1024M) 6.551ms
[2020-08-15T21:12:36.219+0200][gc,cpu        ] GC(12) User=0.03s Sys=0.01s Real=0.01s
[2020-08-15T21:19:23.220+0200][gc,heap,exit  ] Heap
[2020-08-15T21:19:23.220+0200][gc,heap,exit  ]  garbage-first heap   total 1048576K, used 179594K [0x00000000c0000000, 0x0000000100000000)
[2020-08-15T21:19:23.220+0200][gc,heap,exit  ]   region size 1024K, 34 young (34816K), 3 survivors (3072K)
[2020-08-15T21:19:23.220+0200][gc,heap,exit  ]  Metaspace       used 40053K, capacity 42145K, committed 42240K, reserved 1085440K
[2020-08-15T21:19:23.220+0200][gc,heap,exit  ]   class space    used 4830K, capacity 5820K, committed 5888K, reserved 1048576K
